// Vitest Snapshot v1

exports[`App > renders snapshots 1`] = `ShallowWrapper {}`;
